// Jest Snapshot v1, https://goo.gl/fbAQLP

exports[`renders correctly 1`] = `
<div
  className="App"
>
  <header
    className="App-header"
  >
    <h1
      className="App-title"
    >
      Welcome to React that works awesomely
    </h1>
  </header>
  <p
    className="App-intro"
  >
    To get started, edit 
    <code>
      src/client/components/App.js
    </code>
     and save to reload.
  </p>
  <p
    className="App-styles"
  >
    You can edit any styling in 
    <code>
      src/client/sass/index.scss
    </code>
    .
  </p>
  <p
    className="App-server"
  >
    The backend server is located in 
    <code>
      src/server
    </code>
    , with 
    <code>
      src/server/bin/web
    </code>
     being the webserver you are using to see this page.
  </p>
</div>
`;
